          4 graphs : squares=0; triang=0; maxlcliq=12; components=1; nonedges=33; maxindset=4; maxclique=2
         49 graphs : squares=0; triang=0; maxlcliq=12; components=1; nonedges=33; maxindset=5; maxclique=2
          6 graphs : squares=0; triang=0; maxlcliq=12; components=1; nonedges=33; maxindset=6; maxclique=2
          1 graphs : squares=0; triang=0; maxlcliq=13; components=2; nonedges=33; maxindset=5; maxclique=2
         27 graphs : squares=0; triang=1; maxlcliq=10; components=1; nonedges=33; maxindset=4; maxclique=3
        285 graphs : squares=0; triang=1; maxlcliq=10; components=1; nonedges=33; maxindset=5; maxclique=3
         48 graphs : squares=0; triang=1; maxlcliq=10; components=1; nonedges=33; maxindset=6; maxclique=3
          7 graphs : squares=0; triang=1; maxlcliq=11; components=2; nonedges=33; maxindset=5; maxclique=3
          1 graphs : squares=0; triang=1; maxlcliq=11; components=2; nonedges=33; maxindset=6; maxclique=3
         62 graphs : squares=0; triang=2; maxlcliq=8; components=1; nonedges=33; maxindset=4; maxclique=3
        322 graphs : squares=0; triang=2; maxlcliq=8; components=1; nonedges=33; maxindset=5; maxclique=3
         74 graphs : squares=0; triang=2; maxlcliq=8; components=1; nonedges=33; maxindset=6; maxclique=3
          3 graphs : squares=0; triang=2; maxlcliq=8; components=2; nonedges=33; maxindset=4; maxclique=3
          1 graphs : squares=0; triang=2; maxlcliq=8; components=2; nonedges=33; maxindset=5; maxclique=3
         35 graphs : squares=0; triang=2; maxlcliq=9; components=2; nonedges=33; maxindset=5; maxclique=3
          5 graphs : squares=0; triang=2; maxlcliq=9; components=2; nonedges=33; maxindset=6; maxclique=3
         33 graphs : squares=0; triang=3; maxlcliq=6; components=1; nonedges=33; maxindset=4; maxclique=3
         85 graphs : squares=0; triang=3; maxlcliq=6; components=1; nonedges=33; maxindset=5; maxclique=3
         17 graphs : squares=0; triang=3; maxlcliq=6; components=1; nonedges=33; maxindset=6; maxclique=3
          3 graphs : squares=0; triang=3; maxlcliq=6; components=2; nonedges=33; maxindset=4; maxclique=3
          1 graphs : squares=0; triang=3; maxlcliq=6; components=2; nonedges=33; maxindset=5; maxclique=3
          2 graphs : squares=0; triang=3; maxlcliq=7; components=2; nonedges=33; maxindset=4; maxclique=3
         17 graphs : squares=0; triang=3; maxlcliq=7; components=2; nonedges=33; maxindset=5; maxclique=3
          2 graphs : squares=0; triang=3; maxlcliq=7; components=2; nonedges=33; maxindset=6; maxclique=3
          3 graphs : squares=0; triang=4; maxlcliq=4; components=2; nonedges=33; maxindset=4; maxclique=3
          1 graphs : squares=0; triang=4; maxlcliq=5; components=2; nonedges=33; maxindset=4; maxclique=3
          3 graphs : squares=0; triang=4; maxlcliq=5; components=2; nonedges=33; maxindset=5; maxclique=3
          5 graphs : squares=1; triang=0; maxlcliq=12; components=1; nonedges=33; maxindset=4; maxclique=2
        226 graphs : squares=1; triang=0; maxlcliq=12; components=1; nonedges=33; maxindset=5; maxclique=2
         69 graphs : squares=1; triang=0; maxlcliq=12; components=1; nonedges=33; maxindset=6; maxclique=2
          5 graphs : squares=1; triang=0; maxlcliq=13; components=2; nonedges=33; maxindset=5; maxclique=2
          1 graphs : squares=1; triang=0; maxlcliq=13; components=2; nonedges=33; maxindset=6; maxclique=2
         27 graphs : squares=1; triang=1; maxlcliq=10; components=1; nonedges=33; maxindset=4; maxclique=3
        823 graphs : squares=1; triang=1; maxlcliq=10; components=1; nonedges=33; maxindset=5; maxclique=3
        342 graphs : squares=1; triang=1; maxlcliq=10; components=1; nonedges=33; maxindset=6; maxclique=3
         10 graphs : squares=1; triang=1; maxlcliq=10; components=1; nonedges=33; maxindset=7; maxclique=3
          2 graphs : squares=1; triang=1; maxlcliq=10; components=2; nonedges=33; maxindset=4; maxclique=3
          2 graphs : squares=1; triang=1; maxlcliq=10; components=2; nonedges=33; maxindset=5; maxclique=3
         64 graphs : squares=1; triang=1; maxlcliq=11; components=2; nonedges=33; maxindset=5; maxclique=3
         19 graphs : squares=1; triang=1; maxlcliq=11; components=2; nonedges=33; maxindset=6; maxclique=3
         64 graphs : squares=1; triang=2; maxlcliq=8; components=1; nonedges=33; maxindset=4; maxclique=3
        534 graphs : squares=1; triang=2; maxlcliq=8; components=1; nonedges=33; maxindset=5; maxclique=3
        241 graphs : squares=1; triang=2; maxlcliq=8; components=1; nonedges=33; maxindset=6; maxclique=3
          9 graphs : squares=1; triang=2; maxlcliq=8; components=1; nonedges=33; maxindset=7; maxclique=3
         11 graphs : squares=1; triang=2; maxlcliq=8; components=2; nonedges=33; maxindset=4; maxclique=3
         13 graphs : squares=1; triang=2; maxlcliq=8; components=2; nonedges=33; maxindset=5; maxclique=3
         31 graphs : squares=1; triang=2; maxlcliq=9; components=1; nonedges=33; maxindset=4; maxclique=3
        387 graphs : squares=1; triang=2; maxlcliq=9; components=1; nonedges=33; maxindset=5; maxclique=3
        182 graphs : squares=1; triang=2; maxlcliq=9; components=1; nonedges=33; maxindset=6; maxclique=3
          6 graphs : squares=1; triang=2; maxlcliq=9; components=1; nonedges=33; maxindset=7; maxclique=3
          3 graphs : squares=1; triang=2; maxlcliq=9; components=2; nonedges=33; maxindset=4; maxclique=3
        140 graphs : squares=1; triang=2; maxlcliq=9; components=2; nonedges=33; maxindset=5; maxclique=3
         49 graphs : squares=1; triang=2; maxlcliq=9; components=2; nonedges=33; maxindset=6; maxclique=3
         46 graphs : squares=1; triang=2; maxlcliq=10; components=2; nonedges=33; maxindset=5; maxclique=3
         10 graphs : squares=1; triang=2; maxlcliq=10; components=2; nonedges=33; maxindset=6; maxclique=3
         14 graphs : squares=1; triang=3; maxlcliq=6; components=2; nonedges=33; maxindset=4; maxclique=3
          9 graphs : squares=1; triang=3; maxlcliq=6; components=2; nonedges=33; maxindset=5; maxclique=3
         53 graphs : squares=1; triang=3; maxlcliq=7; components=1; nonedges=33; maxindset=4; maxclique=3
        343 graphs : squares=1; triang=3; maxlcliq=7; components=1; nonedges=33; maxindset=5; maxclique=3
        183 graphs : squares=1; triang=3; maxlcliq=7; components=1; nonedges=33; maxindset=6; maxclique=3
         15 graphs : squares=1; triang=3; maxlcliq=7; components=1; nonedges=33; maxindset=7; maxclique=3
         20 graphs : squares=1; triang=3; maxlcliq=7; components=2; nonedges=33; maxindset=4; maxclique=3
         68 graphs : squares=1; triang=3; maxlcliq=7; components=2; nonedges=33; maxindset=5; maxclique=3
         17 graphs : squares=1; triang=3; maxlcliq=7; components=2; nonedges=33; maxindset=6; maxclique=3
          3 graphs : squares=1; triang=3; maxlcliq=8; components=2; nonedges=33; maxindset=4; maxclique=3
        117 graphs : squares=1; triang=3; maxlcliq=8; components=2; nonedges=33; maxindset=5; maxclique=3
         40 graphs : squares=1; triang=3; maxlcliq=8; components=2; nonedges=33; maxindset=6; maxclique=3
          2 graphs : squares=1; triang=3; maxlcliq=8; components=3; nonedges=33; maxindset=5; maxclique=3
          2 graphs : squares=1; triang=3; maxlcliq=9; components=3; nonedges=33; maxindset=5; maxclique=3
         14 graphs : squares=1; triang=4; maxlcliq=5; components=2; nonedges=33; maxindset=4; maxclique=3
         10 graphs : squares=1; triang=4; maxlcliq=5; components=2; nonedges=33; maxindset=5; maxclique=3
          4 graphs : squares=1; triang=4; maxlcliq=6; components=2; nonedges=33; maxindset=4; maxclique=3
         31 graphs : squares=1; triang=4; maxlcliq=6; components=2; nonedges=33; maxindset=5; maxclique=3
          9 graphs : squares=1; triang=4; maxlcliq=6; components=2; nonedges=33; maxindset=6; maxclique=3
          1 graphs : squares=1; triang=4; maxlcliq=6; components=3; nonedges=33; maxindset=6; maxclique=3
          2 graphs : squares=1; triang=4; maxlcliq=7; components=3; nonedges=33; maxindset=5; maxclique=3
        245 graphs : squares=2; triang=0; maxlcliq=12; components=1; nonedges=33; maxindset=5; maxclique=2
        166 graphs : squares=2; triang=0; maxlcliq=12; components=1; nonedges=33; maxindset=6; maxclique=2
         10 graphs : squares=2; triang=0; maxlcliq=12; components=1; nonedges=33; maxindset=7; maxclique=2
          1 graphs : squares=2; triang=0; maxlcliq=12; components=2; nonedges=33; maxindset=4; maxclique=2
         18 graphs : squares=2; triang=0; maxlcliq=13; components=2; nonedges=33; maxindset=5; maxclique=2
          9 graphs : squares=2; triang=0; maxlcliq=13; components=2; nonedges=33; maxindset=6; maxclique=2
        470 graphs : squares=2; triang=1; maxlcliq=10; components=1; nonedges=33; maxindset=5; maxclique=3
        302 graphs : squares=2; triang=1; maxlcliq=10; components=1; nonedges=33; maxindset=6; maxclique=3
          9 graphs : squares=2; triang=1; maxlcliq=10; components=1; nonedges=33; maxindset=7; maxclique=3
          4 graphs : squares=2; triang=1; maxlcliq=10; components=2; nonedges=33; maxindset=4; maxclique=3
         15 graphs : squares=2; triang=1; maxlcliq=10; components=2; nonedges=33; maxindset=5; maxclique=3
          1 graphs : squares=2; triang=1; maxlcliq=10; components=2; nonedges=33; maxindset=6; maxclique=3
        121 graphs : squares=2; triang=1; maxlcliq=11; components=2; nonedges=33; maxindset=5; maxclique=3
         83 graphs : squares=2; triang=1; maxlcliq=11; components=2; nonedges=33; maxindset=6; maxclique=3
          2 graphs : squares=2; triang=1; maxlcliq=11; components=2; nonedges=33; maxindset=7; maxclique=3
         16 graphs : squares=2; triang=2; maxlcliq=8; components=2; nonedges=33; maxindset=4; maxclique=3
         37 graphs : squares=2; triang=2; maxlcliq=8; components=2; nonedges=33; maxindset=5; maxclique=3
        366 graphs : squares=2; triang=2; maxlcliq=9; components=1; nonedges=33; maxindset=5; maxclique=3
        346 graphs : squares=2; triang=2; maxlcliq=9; components=1; nonedges=33; maxindset=6; maxclique=3
         38 graphs : squares=2; triang=2; maxlcliq=9; components=1; nonedges=33; maxindset=7; maxclique=3
          9 graphs : squares=2; triang=2; maxlcliq=9; components=2; nonedges=33; maxindset=4; maxclique=3
        166 graphs : squares=2; triang=2; maxlcliq=9; components=2; nonedges=33; maxindset=5; maxclique=3
         94 graphs : squares=2; triang=2; maxlcliq=9; components=2; nonedges=33; maxindset=6; maxclique=3
        130 graphs : squares=2; triang=2; maxlcliq=10; components=2; nonedges=33; maxindset=5; maxclique=3
         98 graphs : squares=2; triang=2; maxlcliq=10; components=2; nonedges=33; maxindset=6; maxclique=3
          3 graphs : squares=2; triang=2; maxlcliq=10; components=2; nonedges=33; maxindset=7; maxclique=3
          4 graphs : squares=2; triang=2; maxlcliq=10; components=3; nonedges=33; maxindset=5; maxclique=3
          2 graphs : squares=2; triang=2; maxlcliq=10; components=3; nonedges=33; maxindset=6; maxclique=3
         18 graphs : squares=2; triang=3; maxlcliq=7; components=2; nonedges=33; maxindset=4; maxclique=3
         50 graphs : squares=2; triang=3; maxlcliq=7; components=2; nonedges=33; maxindset=5; maxclique=3
          4 graphs : squares=2; triang=3; maxlcliq=7; components=2; nonedges=33; maxindset=6; maxclique=3
        174 graphs : squares=2; triang=3; maxlcliq=8; components=1; nonedges=33; maxindset=5; maxclique=3
        176 graphs : squares=2; triang=3; maxlcliq=8; components=1; nonedges=33; maxindset=6; maxclique=3
         27 graphs : squares=2; triang=3; maxlcliq=8; components=1; nonedges=33; maxindset=7; maxclique=3
          4 graphs : squares=2; triang=3; maxlcliq=8; components=2; nonedges=33; maxindset=4; maxclique=3
        163 graphs : squares=2; triang=3; maxlcliq=8; components=2; nonedges=33; maxindset=5; maxclique=3
        122 graphs : squares=2; triang=3; maxlcliq=8; components=2; nonedges=33; maxindset=6; maxclique=3
          6 graphs : squares=2; triang=3; maxlcliq=8; components=2; nonedges=33; maxindset=7; maxclique=3
          5 graphs : squares=2; triang=3; maxlcliq=8; components=3; nonedges=33; maxindset=5; maxclique=3
          2 graphs : squares=2; triang=3; maxlcliq=8; components=3; nonedges=33; maxindset=6; maxclique=3
         62 graphs : squares=2; triang=3; maxlcliq=9; components=2; nonedges=33; maxindset=5; maxclique=3
         44 graphs : squares=2; triang=3; maxlcliq=9; components=2; nonedges=33; maxindset=6; maxclique=3
         10 graphs : squares=2; triang=3; maxlcliq=9; components=3; nonedges=33; maxindset=5; maxclique=3
          4 graphs : squares=2; triang=3; maxlcliq=9; components=3; nonedges=33; maxindset=6; maxclique=3
          1 graphs : squares=2; triang=3; maxlcliq=10; components=3; nonedges=33; maxindset=5; maxclique=3
         17 graphs : squares=2; triang=4; maxlcliq=6; components=2; nonedges=33; maxindset=4; maxclique=3
         44 graphs : squares=2; triang=4; maxlcliq=6; components=2; nonedges=33; maxindset=5; maxclique=3
          6 graphs : squares=2; triang=4; maxlcliq=6; components=2; nonedges=33; maxindset=6; maxclique=3
         92 graphs : squares=2; triang=4; maxlcliq=7; components=2; nonedges=33; maxindset=5; maxclique=3
         63 graphs : squares=2; triang=4; maxlcliq=7; components=2; nonedges=33; maxindset=6; maxclique=3
          4 graphs : squares=2; triang=4; maxlcliq=7; components=2; nonedges=33; maxindset=7; maxclique=3
          1 graphs : squares=2; triang=4; maxlcliq=7; components=3; nonedges=33; maxindset=4; maxclique=3
          2 graphs : squares=2; triang=4; maxlcliq=7; components=3; nonedges=33; maxindset=5; maxclique=3
          3 graphs : squares=2; triang=4; maxlcliq=7; components=3; nonedges=33; maxindset=6; maxclique=3
         11 graphs : squares=2; triang=4; maxlcliq=8; components=3; nonedges=33; maxindset=5; maxclique=3
          4 graphs : squares=2; triang=4; maxlcliq=8; components=3; nonedges=33; maxindset=6; maxclique=3
        152 graphs : squares=3; triang=0; maxlcliq=12; components=1; nonedges=33; maxindset=5; maxclique=2
        164 graphs : squares=3; triang=0; maxlcliq=12; components=1; nonedges=33; maxindset=6; maxclique=2
         15 graphs : squares=3; triang=0; maxlcliq=12; components=1; nonedges=33; maxindset=7; maxclique=2
          5 graphs : squares=3; triang=0; maxlcliq=12; components=2; nonedges=33; maxindset=5; maxclique=2
         25 graphs : squares=3; triang=0; maxlcliq=13; components=2; nonedges=33; maxindset=5; maxclique=2
         29 graphs : squares=3; triang=0; maxlcliq=13; components=2; nonedges=33; maxindset=6; maxclique=2
          1 graphs : squares=3; triang=0; maxlcliq=13; components=2; nonedges=33; maxindset=7; maxclique=2
        177 graphs : squares=3; triang=1; maxlcliq=10; components=1; nonedges=33; maxindset=5; maxclique=3
        220 graphs : squares=3; triang=1; maxlcliq=10; components=1; nonedges=33; maxindset=6; maxclique=3
         35 graphs : squares=3; triang=1; maxlcliq=10; components=1; nonedges=33; maxindset=7; maxclique=3
          2 graphs : squares=3; triang=1; maxlcliq=10; components=2; nonedges=33; maxindset=4; maxclique=3
         29 graphs : squares=3; triang=1; maxlcliq=10; components=2; nonedges=33; maxindset=5; maxclique=3
          1 graphs : squares=3; triang=1; maxlcliq=10; components=2; nonedges=33; maxindset=6; maxclique=3
        101 graphs : squares=3; triang=1; maxlcliq=11; components=2; nonedges=33; maxindset=5; maxclique=3
        101 graphs : squares=3; triang=1; maxlcliq=11; components=2; nonedges=33; maxindset=6; maxclique=3
          3 graphs : squares=3; triang=1; maxlcliq=11; components=2; nonedges=33; maxindset=7; maxclique=3
          2 graphs : squares=3; triang=1; maxlcliq=12; components=3; nonedges=33; maxindset=5; maxclique=3
          6 graphs : squares=3; triang=2; maxlcliq=8; components=2; nonedges=33; maxindset=4; maxclique=3
         29 graphs : squares=3; triang=2; maxlcliq=8; components=2; nonedges=33; maxindset=5; maxclique=3
          3 graphs : squares=3; triang=2; maxlcliq=8; components=2; nonedges=33; maxindset=6; maxclique=3
        133 graphs : squares=3; triang=2; maxlcliq=9; components=1; nonedges=33; maxindset=5; maxclique=3
        141 graphs : squares=3; triang=2; maxlcliq=9; components=1; nonedges=33; maxindset=6; maxclique=3
         23 graphs : squares=3; triang=2; maxlcliq=9; components=1; nonedges=33; maxindset=7; maxclique=3
          3 graphs : squares=3; triang=2; maxlcliq=9; components=2; nonedges=33; maxindset=4; maxclique=3
         94 graphs : squares=3; triang=2; maxlcliq=9; components=2; nonedges=33; maxindset=5; maxclique=3
         68 graphs : squares=3; triang=2; maxlcliq=9; components=2; nonedges=33; maxindset=6; maxclique=3
          4 graphs : squares=3; triang=2; maxlcliq=9; components=2; nonedges=33; maxindset=7; maxclique=3
        105 graphs : squares=3; triang=2; maxlcliq=10; components=2; nonedges=33; maxindset=5; maxclique=3
        137 graphs : squares=3; triang=2; maxlcliq=10; components=2; nonedges=33; maxindset=6; maxclique=3
          4 graphs : squares=3; triang=2; maxlcliq=10; components=2; nonedges=33; maxindset=7; maxclique=3
          8 graphs : squares=3; triang=2; maxlcliq=10; components=3; nonedges=33; maxindset=5; maxclique=3
          9 graphs : squares=3; triang=2; maxlcliq=10; components=3; nonedges=33; maxindset=6; maxclique=3
          5 graphs : squares=3; triang=2; maxlcliq=11; components=3; nonedges=33; maxindset=5; maxclique=3
          5 graphs : squares=3; triang=2; maxlcliq=11; components=3; nonedges=33; maxindset=6; maxclique=3
         16 graphs : squares=3; triang=3; maxlcliq=7; components=2; nonedges=33; maxindset=4; maxclique=3
         49 graphs : squares=3; triang=3; maxlcliq=7; components=2; nonedges=33; maxindset=5; maxclique=3
          1 graphs : squares=3; triang=3; maxlcliq=7; components=3; nonedges=33; maxindset=4; maxclique=3
          1 graphs : squares=3; triang=3; maxlcliq=7; components=3; nonedges=33; maxindset=5; maxclique=3
         40 graphs : squares=3; triang=3; maxlcliq=8; components=1; nonedges=33; maxindset=5; maxclique=3
         80 graphs : squares=3; triang=3; maxlcliq=8; components=1; nonedges=33; maxindset=6; maxclique=3
         31 graphs : squares=3; triang=3; maxlcliq=8; components=1; nonedges=33; maxindset=7; maxclique=3
          3 graphs : squares=3; triang=3; maxlcliq=8; components=1; nonedges=33; maxindset=8; maxclique=3
          6 graphs : squares=3; triang=3; maxlcliq=8; components=2; nonedges=33; maxindset=4; maxclique=3
        150 graphs : squares=3; triang=3; maxlcliq=8; components=2; nonedges=33; maxindset=5; maxclique=3
         69 graphs : squares=3; triang=3; maxlcliq=8; components=2; nonedges=33; maxindset=6; maxclique=3
          4 graphs : squares=3; triang=3; maxlcliq=8; components=3; nonedges=33; maxindset=5; maxclique=3
          4 graphs : squares=3; triang=3; maxlcliq=8; components=3; nonedges=33; maxindset=6; maxclique=3
        102 graphs : squares=3; triang=3; maxlcliq=9; components=2; nonedges=33; maxindset=5; maxclique=3
        142 graphs : squares=3; triang=3; maxlcliq=9; components=2; nonedges=33; maxindset=6; maxclique=3
          2 graphs : squares=3; triang=3; maxlcliq=9; components=2; nonedges=33; maxindset=7; maxclique=3
         16 graphs : squares=3; triang=3; maxlcliq=9; components=3; nonedges=33; maxindset=5; maxclique=3
         21 graphs : squares=3; triang=3; maxlcliq=9; components=3; nonedges=33; maxindset=6; maxclique=3
          7 graphs : squares=3; triang=3; maxlcliq=10; components=3; nonedges=33; maxindset=5; maxclique=3
          8 graphs : squares=3; triang=3; maxlcliq=10; components=3; nonedges=33; maxindset=6; maxclique=3
          2 graphs : squares=3; triang=4; maxlcliq=6; components=2; nonedges=33; maxindset=4; maxclique=3
         13 graphs : squares=3; triang=4; maxlcliq=6; components=2; nonedges=33; maxindset=5; maxclique=3
          9 graphs : squares=3; triang=4; maxlcliq=6; components=2; nonedges=33; maxindset=6; maxclique=3
          1 graphs : squares=3; triang=4; maxlcliq=6; components=3; nonedges=33; maxindset=4; maxclique=3
          1 graphs : squares=3; triang=4; maxlcliq=6; components=3; nonedges=33; maxindset=5; maxclique=3
         14 graphs : squares=3; triang=4; maxlcliq=7; components=1; nonedges=33; maxindset=4; maxclique=4
         64 graphs : squares=3; triang=4; maxlcliq=7; components=1; nonedges=33; maxindset=5; maxclique=4
         39 graphs : squares=3; triang=4; maxlcliq=7; components=1; nonedges=33; maxindset=6; maxclique=4
          7 graphs : squares=3; triang=4; maxlcliq=7; components=1; nonedges=33; maxindset=7; maxclique=4
          4 graphs : squares=3; triang=4; maxlcliq=7; components=2; nonedges=33; maxindset=4; maxclique=3
          6 graphs : squares=3; triang=4; maxlcliq=7; components=2; nonedges=33; maxindset=4; maxclique=4
         54 graphs : squares=3; triang=4; maxlcliq=7; components=2; nonedges=33; maxindset=5; maxclique=3
          4 graphs : squares=3; triang=4; maxlcliq=7; components=2; nonedges=33; maxindset=5; maxclique=4
         36 graphs : squares=3; triang=4; maxlcliq=7; components=2; nonedges=33; maxindset=6; maxclique=3
          6 graphs : squares=3; triang=4; maxlcliq=7; components=2; nonedges=33; maxindset=7; maxclique=3
          1 graphs : squares=3; triang=4; maxlcliq=7; components=3; nonedges=33; maxindset=4; maxclique=3
          7 graphs : squares=3; triang=4; maxlcliq=7; components=3; nonedges=33; maxindset=5; maxclique=3
          3 graphs : squares=3; triang=4; maxlcliq=7; components=3; nonedges=33; maxindset=6; maxclique=3
          1 graphs : squares=3; triang=4; maxlcliq=8; components=2; nonedges=33; maxindset=4; maxclique=4
         47 graphs : squares=3; triang=4; maxlcliq=8; components=2; nonedges=33; maxindset=5; maxclique=3
         21 graphs : squares=3; triang=4; maxlcliq=8; components=2; nonedges=33; maxindset=5; maxclique=4
         82 graphs : squares=3; triang=4; maxlcliq=8; components=2; nonedges=33; maxindset=6; maxclique=3
          7 graphs : squares=3; triang=4; maxlcliq=8; components=2; nonedges=33; maxindset=6; maxclique=4
          9 graphs : squares=3; triang=4; maxlcliq=8; components=2; nonedges=33; maxindset=7; maxclique=3
         17 graphs : squares=3; triang=4; maxlcliq=8; components=3; nonedges=33; maxindset=5; maxclique=3
         17 graphs : squares=3; triang=4; maxlcliq=8; components=3; nonedges=33; maxindset=6; maxclique=3
          1 graphs : squares=3; triang=4; maxlcliq=8; components=3; nonedges=33; maxindset=7; maxclique=3
          9 graphs : squares=3; triang=4; maxlcliq=9; components=3; nonedges=33; maxindset=5; maxclique=3
          5 graphs : squares=3; triang=4; maxlcliq=9; components=3; nonedges=33; maxindset=6; maxclique=3
          1 graphs : squares=3; triang=4; maxlcliq=9; components=3; nonedges=33; maxindset=6; maxclique=4
         22 graphs : squares=3; triang=5; maxlcliq=5; components=2; nonedges=33; maxindset=4; maxclique=4
         20 graphs : squares=3; triang=5; maxlcliq=5; components=2; nonedges=33; maxindset=5; maxclique=4
          6 graphs : squares=3; triang=5; maxlcliq=6; components=2; nonedges=33; maxindset=4; maxclique=4
         37 graphs : squares=3; triang=5; maxlcliq=6; components=2; nonedges=33; maxindset=5; maxclique=4
         13 graphs : squares=3; triang=5; maxlcliq=6; components=2; nonedges=33; maxindset=6; maxclique=4
          1 graphs : squares=3; triang=5; maxlcliq=6; components=3; nonedges=33; maxindset=4; maxclique=3
          3 graphs : squares=3; triang=5; maxlcliq=6; components=3; nonedges=33; maxindset=5; maxclique=3
          9 graphs : squares=3; triang=5; maxlcliq=7; components=3; nonedges=33; maxindset=5; maxclique=3
          2 graphs : squares=3; triang=5; maxlcliq=7; components=3; nonedges=33; maxindset=5; maxclique=4
          6 graphs : squares=3; triang=5; maxlcliq=7; components=3; nonedges=33; maxindset=6; maxclique=3
          1 graphs : squares=3; triang=6; maxlcliq=3; components=3; nonedges=33; maxindset=3; maxclique=4
          2 graphs : squares=3; triang=6; maxlcliq=4; components=3; nonedges=33; maxindset=4; maxclique=4
          3 graphs : squares=3; triang=6; maxlcliq=5; components=3; nonedges=33; maxindset=5; maxclique=4
         48 graphs : squares=4; triang=0; maxlcliq=12; components=1; nonedges=33; maxindset=5; maxclique=2
        106 graphs : squares=4; triang=0; maxlcliq=12; components=1; nonedges=33; maxindset=6; maxclique=2
         16 graphs : squares=4; triang=0; maxlcliq=12; components=1; nonedges=33; maxindset=7; maxclique=2
          4 graphs : squares=4; triang=0; maxlcliq=12; components=2; nonedges=33; maxindset=5; maxclique=2
          1 graphs : squares=4; triang=0; maxlcliq=12; components=2; nonedges=33; maxindset=6; maxclique=2
         11 graphs : squares=4; triang=0; maxlcliq=13; components=2; nonedges=33; maxindset=5; maxclique=2
         37 graphs : squares=4; triang=0; maxlcliq=13; components=2; nonedges=33; maxindset=6; maxclique=2
          4 graphs : squares=4; triang=0; maxlcliq=13; components=2; nonedges=33; maxindset=7; maxclique=2
          1 graphs : squares=4; triang=0; maxlcliq=14; components=3; nonedges=33; maxindset=5; maxclique=2
         23 graphs : squares=4; triang=1; maxlcliq=10; components=2; nonedges=33; maxindset=5; maxclique=3
          4 graphs : squares=4; triang=1; maxlcliq=10; components=2; nonedges=33; maxindset=6; maxclique=3
         36 graphs : squares=4; triang=1; maxlcliq=11; components=2; nonedges=33; maxindset=5; maxclique=3
        103 graphs : squares=4; triang=1; maxlcliq=11; components=2; nonedges=33; maxindset=6; maxclique=3
          6 graphs : squares=4; triang=1; maxlcliq=11; components=2; nonedges=33; maxindset=7; maxclique=3
          3 graphs : squares=4; triang=1; maxlcliq=12; components=3; nonedges=33; maxindset=5; maxclique=3
          2 graphs : squares=4; triang=1; maxlcliq=12; components=3; nonedges=33; maxindset=6; maxclique=3
         44 graphs : squares=4; triang=2; maxlcliq=9; components=2; nonedges=33; maxindset=5; maxclique=3
         11 graphs : squares=4; triang=2; maxlcliq=9; components=2; nonedges=33; maxindset=6; maxclique=3
          1 graphs : squares=4; triang=2; maxlcliq=9; components=3; nonedges=33; maxindset=5; maxclique=3
         56 graphs : squares=4; triang=2; maxlcliq=10; components=2; nonedges=33; maxindset=5; maxclique=3
        132 graphs : squares=4; triang=2; maxlcliq=10; components=2; nonedges=33; maxindset=6; maxclique=3
         15 graphs : squares=4; triang=2; maxlcliq=10; components=2; nonedges=33; maxindset=7; maxclique=3
          5 graphs : squares=4; triang=2; maxlcliq=10; components=3; nonedges=33; maxindset=5; maxclique=3
         14 graphs : squares=4; triang=2; maxlcliq=10; components=3; nonedges=33; maxindset=6; maxclique=3
          6 graphs : squares=4; triang=2; maxlcliq=11; components=3; nonedges=33; maxindset=5; maxclique=3
         14 graphs : squares=4; triang=2; maxlcliq=11; components=3; nonedges=33; maxindset=6; maxclique=3
         31 graphs : squares=4; triang=3; maxlcliq=8; components=2; nonedges=33; maxindset=5; maxclique=3
         20 graphs : squares=4; triang=3; maxlcliq=8; components=2; nonedges=33; maxindset=6; maxclique=3
          3 graphs : squares=4; triang=3; maxlcliq=8; components=3; nonedges=33; maxindset=5; maxclique=3
         29 graphs : squares=4; triang=3; maxlcliq=9; components=2; nonedges=33; maxindset=5; maxclique=3
        104 graphs : squares=4; triang=3; maxlcliq=9; components=2; nonedges=33; maxindset=6; maxclique=3
         24 graphs : squares=4; triang=3; maxlcliq=9; components=2; nonedges=33; maxindset=7; maxclique=3
         20 graphs : squares=4; triang=3; maxlcliq=9; components=3; nonedges=33; maxindset=5; maxclique=3
         22 graphs : squares=4; triang=3; maxlcliq=9; components=3; nonedges=33; maxindset=6; maxclique=3
          1 graphs : squares=4; triang=3; maxlcliq=9; components=3; nonedges=33; maxindset=7; maxclique=3
         12 graphs : squares=4; triang=3; maxlcliq=10; components=3; nonedges=33; maxindset=5; maxclique=3
         16 graphs : squares=4; triang=3; maxlcliq=10; components=3; nonedges=33; maxindset=6; maxclique=3
         10 graphs : squares=4; triang=4; maxlcliq=7; components=2; nonedges=33; maxindset=4; maxclique=4
         14 graphs : squares=4; triang=4; maxlcliq=7; components=2; nonedges=33; maxindset=5; maxclique=3
         22 graphs : squares=4; triang=4; maxlcliq=7; components=2; nonedges=33; maxindset=5; maxclique=4
         14 graphs : squares=4; triang=4; maxlcliq=7; components=2; nonedges=33; maxindset=6; maxclique=3
          7 graphs : squares=4; triang=4; maxlcliq=7; components=3; nonedges=33; maxindset=5; maxclique=3
         10 graphs : squares=4; triang=4; maxlcliq=8; components=2; nonedges=33; maxindset=5; maxclique=3
         38 graphs : squares=4; triang=4; maxlcliq=8; components=2; nonedges=33; maxindset=5; maxclique=4
         50 graphs : squares=4; triang=4; maxlcliq=8; components=2; nonedges=33; maxindset=6; maxclique=3
         26 graphs : squares=4; triang=4; maxlcliq=8; components=2; nonedges=33; maxindset=6; maxclique=4
         16 graphs : squares=4; triang=4; maxlcliq=8; components=2; nonedges=33; maxindset=7; maxclique=3
         19 graphs : squares=4; triang=4; maxlcliq=8; components=3; nonedges=33; maxindset=5; maxclique=3
         32 graphs : squares=4; triang=4; maxlcliq=8; components=3; nonedges=33; maxindset=6; maxclique=3
          1 graphs : squares=4; triang=4; maxlcliq=8; components=3; nonedges=33; maxindset=7; maxclique=3
         10 graphs : squares=4; triang=4; maxlcliq=9; components=3; nonedges=33; maxindset=5; maxclique=3
          3 graphs : squares=4; triang=4; maxlcliq=9; components=3; nonedges=33; maxindset=5; maxclique=4
         30 graphs : squares=4; triang=4; maxlcliq=9; components=3; nonedges=33; maxindset=6; maxclique=3
          1 graphs : squares=4; triang=4; maxlcliq=9; components=3; nonedges=33; maxindset=6; maxclique=4
          3 graphs : squares=4; triang=5; maxlcliq=6; components=3; nonedges=33; maxindset=4; maxclique=4
          1 graphs : squares=4; triang=5; maxlcliq=6; components=3; nonedges=33; maxindset=5; maxclique=3
          1 graphs : squares=4; triang=5; maxlcliq=6; components=3; nonedges=33; maxindset=5; maxclique=4
          1 graphs : squares=4; triang=5; maxlcliq=6; components=3; nonedges=33; maxindset=6; maxclique=3
          5 graphs : squares=4; triang=5; maxlcliq=7; components=3; nonedges=33; maxindset=5; maxclique=3
         12 graphs : squares=4; triang=5; maxlcliq=7; components=3; nonedges=33; maxindset=5; maxclique=4
          7 graphs : squares=4; triang=5; maxlcliq=7; components=3; nonedges=33; maxindset=6; maxclique=3
          4 graphs : squares=4; triang=5; maxlcliq=7; components=3; nonedges=33; maxindset=6; maxclique=4
          1 graphs : squares=4; triang=5; maxlcliq=7; components=3; nonedges=33; maxindset=7; maxclique=3
          5 graphs : squares=4; triang=5; maxlcliq=8; components=3; nonedges=33; maxindset=5; maxclique=3
         17 graphs : squares=4; triang=5; maxlcliq=8; components=3; nonedges=33; maxindset=6; maxclique=3
          1 graphs : squares=4; triang=6; maxlcliq=4; components=3; nonedges=33; maxindset=4; maxclique=4
          2 graphs : squares=4; triang=6; maxlcliq=5; components=3; nonedges=33; maxindset=4; maxclique=4
          3 graphs : squares=4; triang=6; maxlcliq=5; components=3; nonedges=33; maxindset=5; maxclique=4
          7 graphs : squares=4; triang=6; maxlcliq=6; components=3; nonedges=33; maxindset=5; maxclique=4
          3 graphs : squares=4; triang=6; maxlcliq=6; components=3; nonedges=33; maxindset=6; maxclique=4
         27 graphs : squares=5; triang=0; maxlcliq=12; components=1; nonedges=33; maxindset=5; maxclique=2
         56 graphs : squares=5; triang=0; maxlcliq=12; components=1; nonedges=33; maxindset=6; maxclique=2
          9 graphs : squares=5; triang=0; maxlcliq=12; components=1; nonedges=33; maxindset=7; maxclique=2
          8 graphs : squares=5; triang=0; maxlcliq=12; components=2; nonedges=33; maxindset=5; maxclique=2
          1 graphs : squares=5; triang=0; maxlcliq=12; components=2; nonedges=33; maxindset=6; maxclique=2
         11 graphs : squares=5; triang=0; maxlcliq=13; components=2; nonedges=33; maxindset=5; maxclique=2
         38 graphs : squares=5; triang=0; maxlcliq=13; components=2; nonedges=33; maxindset=6; maxclique=2
          2 graphs : squares=5; triang=0; maxlcliq=13; components=2; nonedges=33; maxindset=7; maxclique=2
         17 graphs : squares=5; triang=1; maxlcliq=10; components=2; nonedges=33; maxindset=5; maxclique=3
         20 graphs : squares=5; triang=1; maxlcliq=11; components=2; nonedges=33; maxindset=5; maxclique=3
         41 graphs : squares=5; triang=1; maxlcliq=11; components=2; nonedges=33; maxindset=6; maxclique=3
          1 graphs : squares=5; triang=1; maxlcliq=12; components=3; nonedges=33; maxindset=5; maxclique=3
         11 graphs : squares=5; triang=1; maxlcliq=12; components=3; nonedges=33; maxindset=6; maxclique=3
         18 graphs : squares=5; triang=2; maxlcliq=9; components=2; nonedges=33; maxindset=5; maxclique=3
         10 graphs : squares=5; triang=2; maxlcliq=9; components=2; nonedges=33; maxindset=6; maxclique=3
          1 graphs : squares=5; triang=2; maxlcliq=9; components=3; nonedges=33; maxindset=5; maxclique=3
         14 graphs : squares=5; triang=2; maxlcliq=10; components=2; nonedges=33; maxindset=5; maxclique=3
         52 graphs : squares=5; triang=2; maxlcliq=10; components=2; nonedges=33; maxindset=6; maxclique=3
         10 graphs : squares=5; triang=2; maxlcliq=10; components=2; nonedges=33; maxindset=7; maxclique=3
          3 graphs : squares=5; triang=2; maxlcliq=10; components=3; nonedges=33; maxindset=5; maxclique=3
          7 graphs : squares=5; triang=2; maxlcliq=10; components=3; nonedges=33; maxindset=6; maxclique=3
          2 graphs : squares=5; triang=2; maxlcliq=11; components=3; nonedges=33; maxindset=5; maxclique=3
         15 graphs : squares=5; triang=2; maxlcliq=11; components=3; nonedges=33; maxindset=6; maxclique=3
          1 graphs : squares=5; triang=2; maxlcliq=11; components=3; nonedges=33; maxindset=7; maxclique=3
         15 graphs : squares=5; triang=3; maxlcliq=8; components=2; nonedges=33; maxindset=5; maxclique=3
          7 graphs : squares=5; triang=3; maxlcliq=8; components=2; nonedges=33; maxindset=6; maxclique=3
          4 graphs : squares=5; triang=3; maxlcliq=8; components=3; nonedges=33; maxindset=5; maxclique=3
         13 graphs : squares=5; triang=3; maxlcliq=9; components=2; nonedges=33; maxindset=5; maxclique=3
         35 graphs : squares=5; triang=3; maxlcliq=9; components=2; nonedges=33; maxindset=6; maxclique=3
          6 graphs : squares=5; triang=3; maxlcliq=9; components=2; nonedges=33; maxindset=7; maxclique=3
          9 graphs : squares=5; triang=3; maxlcliq=9; components=3; nonedges=33; maxindset=5; maxclique=3
         20 graphs : squares=5; triang=3; maxlcliq=9; components=3; nonedges=33; maxindset=6; maxclique=3
          6 graphs : squares=5; triang=3; maxlcliq=10; components=3; nonedges=33; maxindset=5; maxclique=3
         44 graphs : squares=5; triang=3; maxlcliq=10; components=3; nonedges=33; maxindset=6; maxclique=3
          1 graphs : squares=5; triang=3; maxlcliq=10; components=3; nonedges=33; maxindset=7; maxclique=3
          2 graphs : squares=5; triang=4; maxlcliq=7; components=3; nonedges=33; maxindset=5; maxclique=3
         20 graphs : squares=5; triang=4; maxlcliq=8; components=2; nonedges=33; maxindset=5; maxclique=3
         13 graphs : squares=5; triang=4; maxlcliq=8; components=2; nonedges=33; maxindset=6; maxclique=3
          9 graphs : squares=5; triang=4; maxlcliq=8; components=3; nonedges=33; maxindset=5; maxclique=3
          1 graphs : squares=5; triang=4; maxlcliq=8; components=3; nonedges=33; maxindset=5; maxclique=4
          7 graphs : squares=5; triang=4; maxlcliq=8; components=3; nonedges=33; maxindset=6; maxclique=3
         13 graphs : squares=5; triang=4; maxlcliq=9; components=2; nonedges=33; maxindset=5; maxclique=3
         36 graphs : squares=5; triang=4; maxlcliq=9; components=2; nonedges=33; maxindset=6; maxclique=3
          9 graphs : squares=5; triang=4; maxlcliq=9; components=2; nonedges=33; maxindset=7; maxclique=3
          4 graphs : squares=5; triang=4; maxlcliq=9; components=3; nonedges=33; maxindset=5; maxclique=3
          6 graphs : squares=5; triang=4; maxlcliq=9; components=3; nonedges=33; maxindset=5; maxclique=4
         37 graphs : squares=5; triang=4; maxlcliq=9; components=3; nonedges=33; maxindset=6; maxclique=3
          4 graphs : squares=5; triang=4; maxlcliq=9; components=3; nonedges=33; maxindset=6; maxclique=4
          2 graphs : squares=5; triang=4; maxlcliq=9; components=3; nonedges=33; maxindset=7; maxclique=3
          2 graphs : squares=5; triang=4; maxlcliq=10; components=3; nonedges=33; maxindset=5; maxclique=3
          5 graphs : squares=5; triang=4; maxlcliq=10; components=3; nonedges=33; maxindset=6; maxclique=3
          5 graphs : squares=5; triang=5; maxlcliq=6; components=2; nonedges=33; maxindset=4; maxclique=4
         35 graphs : squares=5; triang=5; maxlcliq=6; components=2; nonedges=33; maxindset=5; maxclique=4
         13 graphs : squares=5; triang=5; maxlcliq=6; components=2; nonedges=33; maxindset=6; maxclique=4
          1 graphs : squares=5; triang=5; maxlcliq=6; components=3; nonedges=33; maxindset=4; maxclique=3
         38 graphs : squares=5; triang=5; maxlcliq=7; components=2; nonedges=33; maxindset=5; maxclique=4
         55 graphs : squares=5; triang=5; maxlcliq=7; components=2; nonedges=33; maxindset=6; maxclique=4
          9 graphs : squares=5; triang=5; maxlcliq=7; components=2; nonedges=33; maxindset=7; maxclique=4
          1 graphs : squares=5; triang=5; maxlcliq=7; components=3; nonedges=33; maxindset=4; maxclique=3
          8 graphs : squares=5; triang=5; maxlcliq=7; components=3; nonedges=33; maxindset=5; maxclique=3
          1 graphs : squares=5; triang=5; maxlcliq=7; components=3; nonedges=33; maxindset=5; maxclique=4
          2 graphs : squares=5; triang=5; maxlcliq=7; components=3; nonedges=33; maxindset=6; maxclique=3
          8 graphs : squares=5; triang=5; maxlcliq=8; components=3; nonedges=33; maxindset=5; maxclique=3
          6 graphs : squares=5; triang=5; maxlcliq=8; components=3; nonedges=33; maxindset=5; maxclique=4
         25 graphs : squares=5; triang=5; maxlcliq=8; components=3; nonedges=33; maxindset=6; maxclique=3
          5 graphs : squares=5; triang=5; maxlcliq=8; components=3; nonedges=33; maxindset=6; maxclique=4
          5 graphs : squares=5; triang=5; maxlcliq=8; components=3; nonedges=33; maxindset=7; maxclique=3
          1 graphs : squares=5; triang=5; maxlcliq=8; components=4; nonedges=33; maxindset=5; maxclique=3
          2 graphs : squares=5; triang=5; maxlcliq=9; components=3; nonedges=33; maxindset=5; maxclique=3
          5 graphs : squares=5; triang=5; maxlcliq=9; components=3; nonedges=33; maxindset=6; maxclique=3
          1 graphs : squares=5; triang=5; maxlcliq=9; components=4; nonedges=33; maxindset=5; maxclique=3
          1 graphs : squares=5; triang=6; maxlcliq=4; components=3; nonedges=33; maxindset=4; maxclique=4
          2 graphs : squares=5; triang=6; maxlcliq=5; components=3; nonedges=33; maxindset=4; maxclique=4
          5 graphs : squares=5; triang=6; maxlcliq=5; components=3; nonedges=33; maxindset=5; maxclique=4
         10 graphs : squares=5; triang=6; maxlcliq=6; components=3; nonedges=33; maxindset=5; maxclique=4
          7 graphs : squares=5; triang=6; maxlcliq=6; components=3; nonedges=33; maxindset=6; maxclique=4
          5 graphs : squares=6; triang=0; maxlcliq=12; components=1; nonedges=33; maxindset=5; maxclique=2
         30 graphs : squares=6; triang=0; maxlcliq=12; components=1; nonedges=33; maxindset=6; maxclique=2
         19 graphs : squares=6; triang=0; maxlcliq=12; components=1; nonedges=33; maxindset=7; maxclique=2
          3 graphs : squares=6; triang=0; maxlcliq=12; components=1; nonedges=33; maxindset=8; maxclique=2
          5 graphs : squares=6; triang=0; maxlcliq=12; components=2; nonedges=33; maxindset=5; maxclique=2
          3 graphs : squares=6; triang=0; maxlcliq=12; components=2; nonedges=33; maxindset=6; maxclique=2
          1 graphs : squares=6; triang=0; maxlcliq=13; components=2; nonedges=33; maxindset=5; maxclique=2
         26 graphs : squares=6; triang=0; maxlcliq=13; components=2; nonedges=33; maxindset=6; maxclique=2
          6 graphs : squares=6; triang=0; maxlcliq=13; components=2; nonedges=33; maxindset=7; maxclique=2
          3 graphs : squares=6; triang=0; maxlcliq=14; components=3; nonedges=33; maxindset=6; maxclique=2
          3 graphs : squares=6; triang=1; maxlcliq=10; components=2; nonedges=33; maxindset=5; maxclique=3
          8 graphs : squares=6; triang=1; maxlcliq=10; components=2; nonedges=33; maxindset=6; maxclique=3
          2 graphs : squares=6; triang=1; maxlcliq=11; components=2; nonedges=33; maxindset=5; maxclique=3
         17 graphs : squares=6; triang=1; maxlcliq=11; components=2; nonedges=33; maxindset=6; maxclique=3
         12 graphs : squares=6; triang=1; maxlcliq=11; components=2; nonedges=33; maxindset=7; maxclique=3
          6 graphs : squares=6; triang=1; maxlcliq=12; components=3; nonedges=33; maxindset=6; maxclique=3
          1 graphs : squares=6; triang=1; maxlcliq=12; components=3; nonedges=33; maxindset=7; maxclique=3
         10 graphs : squares=6; triang=2; maxlcliq=9; components=2; nonedges=33; maxindset=5; maxclique=3
          7 graphs : squares=6; triang=2; maxlcliq=9; components=2; nonedges=33; maxindset=6; maxclique=3
          6 graphs : squares=6; triang=2; maxlcliq=10; components=2; nonedges=33; maxindset=5; maxclique=3
         25 graphs : squares=6; triang=2; maxlcliq=10; components=2; nonedges=33; maxindset=6; maxclique=3
          6 graphs : squares=6; triang=2; maxlcliq=10; components=2; nonedges=33; maxindset=7; maxclique=3
          1 graphs : squares=6; triang=2; maxlcliq=10; components=3; nonedges=33; maxindset=5; maxclique=3
          2 graphs : squares=6; triang=2; maxlcliq=10; components=3; nonedges=33; maxindset=6; maxclique=3
          1 graphs : squares=6; triang=2; maxlcliq=10; components=3; nonedges=33; maxindset=7; maxclique=3
          1 graphs : squares=6; triang=2; maxlcliq=11; components=3; nonedges=33; maxindset=5; maxclique=3
         24 graphs : squares=6; triang=2; maxlcliq=11; components=3; nonedges=33; maxindset=6; maxclique=3
          2 graphs : squares=6; triang=3; maxlcliq=8; components=3; nonedges=33; maxindset=5; maxclique=3
          5 graphs : squares=6; triang=3; maxlcliq=9; components=3; nonedges=33; maxindset=5; maxclique=3
          7 graphs : squares=6; triang=3; maxlcliq=9; components=3; nonedges=33; maxindset=6; maxclique=3
         23 graphs : squares=6; triang=3; maxlcliq=10; components=3; nonedges=33; maxindset=6; maxclique=3
          2 graphs : squares=6; triang=3; maxlcliq=10; components=3; nonedges=33; maxindset=7; maxclique=3
          1 graphs : squares=6; triang=4; maxlcliq=6; components=3; nonedges=33; maxindset=4; maxclique=3
          1 graphs : squares=6; triang=4; maxlcliq=7; components=2; nonedges=33; maxindset=5; maxclique=3
          6 graphs : squares=6; triang=4; maxlcliq=7; components=2; nonedges=33; maxindset=6; maxclique=3
          4 graphs : squares=6; triang=4; maxlcliq=7; components=2; nonedges=33; maxindset=7; maxclique=3
          1 graphs : squares=6; triang=4; maxlcliq=7; components=3; nonedges=33; maxindset=4; maxclique=3
          3 graphs : squares=6; triang=4; maxlcliq=7; components=3; nonedges=33; maxindset=5; maxclique=3
          1 graphs : squares=6; triang=4; maxlcliq=8; components=2; nonedges=33; maxindset=5; maxclique=3
          6 graphs : squares=6; triang=4; maxlcliq=8; components=2; nonedges=33; maxindset=6; maxclique=3
         10 graphs : squares=6; triang=4; maxlcliq=8; components=2; nonedges=33; maxindset=7; maxclique=3
          2 graphs : squares=6; triang=4; maxlcliq=8; components=2; nonedges=33; maxindset=8; maxclique=3
          8 graphs : squares=6; triang=4; maxlcliq=8; components=3; nonedges=33; maxindset=5; maxclique=3
          2 graphs : squares=6; triang=4; maxlcliq=8; components=3; nonedges=33; maxindset=5; maxclique=4
          7 graphs : squares=6; triang=4; maxlcliq=8; components=3; nonedges=33; maxindset=6; maxclique=3
          6 graphs : squares=6; triang=4; maxlcliq=9; components=3; nonedges=33; maxindset=5; maxclique=3
          2 graphs : squares=6; triang=4; maxlcliq=9; components=3; nonedges=33; maxindset=5; maxclique=4
         29 graphs : squares=6; triang=4; maxlcliq=9; components=3; nonedges=33; maxindset=6; maxclique=3
          5 graphs : squares=6; triang=4; maxlcliq=9; components=3; nonedges=33; maxindset=6; maxclique=4
          3 graphs : squares=6; triang=4; maxlcliq=9; components=3; nonedges=33; maxindset=7; maxclique=3
          1 graphs : squares=6; triang=4; maxlcliq=9; components=4; nonedges=33; maxindset=6; maxclique=3
         12 graphs : squares=6; triang=4; maxlcliq=10; components=3; nonedges=33; maxindset=6; maxclique=3
          1 graphs : squares=6; triang=4; maxlcliq=10; components=4; nonedges=33; maxindset=6; maxclique=3
          1 graphs : squares=6; triang=5; maxlcliq=6; components=3; nonedges=33; maxindset=6; maxclique=3
          1 graphs : squares=6; triang=5; maxlcliq=7; components=3; nonedges=33; maxindset=4; maxclique=3
          5 graphs : squares=6; triang=5; maxlcliq=7; components=3; nonedges=33; maxindset=5; maxclique=4
          2 graphs : squares=6; triang=5; maxlcliq=7; components=3; nonedges=33; maxindset=6; maxclique=3
          1 graphs : squares=6; triang=5; maxlcliq=7; components=3; nonedges=33; maxindset=7; maxclique=3
          5 graphs : squares=6; triang=5; maxlcliq=8; components=3; nonedges=33; maxindset=5; maxclique=3
          6 graphs : squares=6; triang=5; maxlcliq=8; components=3; nonedges=33; maxindset=5; maxclique=4
          1 graphs : squares=6; triang=5; maxlcliq=8; components=3; nonedges=33; maxindset=6; maxclique=3
         18 graphs : squares=6; triang=5; maxlcliq=8; components=3; nonedges=33; maxindset=6; maxclique=4
          2 graphs : squares=6; triang=5; maxlcliq=8; components=3; nonedges=33; maxindset=7; maxclique=3
          1 graphs : squares=6; triang=5; maxlcliq=8; components=4; nonedges=33; maxindset=5; maxclique=4
          1 graphs : squares=6; triang=5; maxlcliq=8; components=4; nonedges=33; maxindset=6; maxclique=3
          4 graphs : squares=6; triang=5; maxlcliq=9; components=3; nonedges=33; maxindset=5; maxclique=3
         13 graphs : squares=6; triang=5; maxlcliq=9; components=3; nonedges=33; maxindset=6; maxclique=3
          1 graphs : squares=6; triang=5; maxlcliq=9; components=4; nonedges=33; maxindset=6; maxclique=3
          1 graphs : squares=6; triang=6; maxlcliq=5; components=3; nonedges=33; maxindset=4; maxclique=4
          6 graphs : squares=6; triang=6; maxlcliq=6; components=3; nonedges=33; maxindset=5; maxclique=4
          6 graphs : squares=6; triang=6; maxlcliq=7; components=3; nonedges=33; maxindset=5; maxclique=4
         15 graphs : squares=6; triang=6; maxlcliq=7; components=3; nonedges=33; maxindset=6; maxclique=4
          1 graphs : squares=6; triang=6; maxlcliq=7; components=4; nonedges=33; maxindset=5; maxclique=4
          2 graphs : squares=6; triang=6; maxlcliq=9; components=4; nonedges=33; maxindset=6; maxclique=3
          1 graphs : squares=6; triang=8; maxlcliq=4; components=4; nonedges=33; maxindset=4; maxclique=4
          1 graphs : squares=6; triang=8; maxlcliq=5; components=4; nonedges=33; maxindset=5; maxclique=4
          2 graphs : squares=7; triang=0; maxlcliq=12; components=2; nonedges=33; maxindset=5; maxclique=2
          5 graphs : squares=7; triang=0; maxlcliq=12; components=2; nonedges=33; maxindset=6; maxclique=2
         18 graphs : squares=7; triang=0; maxlcliq=13; components=2; nonedges=33; maxindset=6; maxclique=2
          8 graphs : squares=7; triang=0; maxlcliq=13; components=2; nonedges=33; maxindset=7; maxclique=2
          1 graphs : squares=7; triang=0; maxlcliq=14; components=3; nonedges=33; maxindset=6; maxclique=2
          1 graphs : squares=7; triang=1; maxlcliq=11; components=3; nonedges=33; maxindset=5; maxclique=3
          9 graphs : squares=7; triang=1; maxlcliq=12; components=3; nonedges=33; maxindset=6; maxclique=3
          1 graphs : squares=7; triang=1; maxlcliq=12; components=3; nonedges=33; maxindset=7; maxclique=3
          1 graphs : squares=7; triang=2; maxlcliq=10; components=3; nonedges=33; maxindset=5; maxclique=3
          1 graphs : squares=7; triang=2; maxlcliq=10; components=3; nonedges=33; maxindset=6; maxclique=3
         13 graphs : squares=7; triang=2; maxlcliq=11; components=3; nonedges=33; maxindset=6; maxclique=3
          4 graphs : squares=7; triang=2; maxlcliq=11; components=3; nonedges=33; maxindset=7; maxclique=3
          1 graphs : squares=7; triang=3; maxlcliq=9; components=3; nonedges=33; maxindset=5; maxclique=3
          2 graphs : squares=7; triang=3; maxlcliq=9; components=3; nonedges=33; maxindset=6; maxclique=3
         10 graphs : squares=7; triang=3; maxlcliq=10; components=3; nonedges=33; maxindset=6; maxclique=3
          6 graphs : squares=7; triang=3; maxlcliq=10; components=3; nonedges=33; maxindset=7; maxclique=3
          2 graphs : squares=7; triang=4; maxlcliq=9; components=3; nonedges=33; maxindset=7; maxclique=3
          2 graphs : squares=7; triang=4; maxlcliq=9; components=4; nonedges=33; maxindset=6; maxclique=3
          1 graphs : squares=7; triang=5; maxlcliq=6; components=3; nonedges=33; maxindset=4; maxclique=4
          1 graphs : squares=7; triang=5; maxlcliq=7; components=3; nonedges=33; maxindset=5; maxclique=3
          6 graphs : squares=7; triang=5; maxlcliq=7; components=3; nonedges=33; maxindset=5; maxclique=4
          1 graphs : squares=7; triang=5; maxlcliq=7; components=3; nonedges=33; maxindset=6; maxclique=3
          2 graphs : squares=7; triang=5; maxlcliq=8; components=3; nonedges=33; maxindset=5; maxclique=3
          6 graphs : squares=7; triang=5; maxlcliq=8; components=3; nonedges=33; maxindset=5; maxclique=4
          5 graphs : squares=7; triang=5; maxlcliq=8; components=3; nonedges=33; maxindset=6; maxclique=3
         15 graphs : squares=7; triang=5; maxlcliq=8; components=3; nonedges=33; maxindset=6; maxclique=4
          4 graphs : squares=7; triang=5; maxlcliq=8; components=3; nonedges=33; maxindset=7; maxclique=3
          1 graphs : squares=7; triang=5; maxlcliq=8; components=4; nonedges=33; maxindset=6; maxclique=3
         15 graphs : squares=7; triang=5; maxlcliq=9; components=3; nonedges=33; maxindset=6; maxclique=3
          6 graphs : squares=7; triang=5; maxlcliq=9; components=3; nonedges=33; maxindset=7; maxclique=3
          3 graphs : squares=7; triang=5; maxlcliq=9; components=4; nonedges=33; maxindset=6; maxclique=3
          2 graphs : squares=7; triang=5; maxlcliq=10; components=4; nonedges=33; maxindset=6; maxclique=3
          1 graphs : squares=7; triang=6; maxlcliq=5; components=3; nonedges=33; maxindset=4; maxclique=4
          1 graphs : squares=7; triang=6; maxlcliq=5; components=3; nonedges=33; maxindset=5; maxclique=4
          5 graphs : squares=7; triang=6; maxlcliq=6; components=3; nonedges=33; maxindset=5; maxclique=4
          3 graphs : squares=7; triang=6; maxlcliq=6; components=3; nonedges=33; maxindset=6; maxclique=4
          4 graphs : squares=7; triang=6; maxlcliq=7; components=3; nonedges=33; maxindset=5; maxclique=4
         18 graphs : squares=7; triang=6; maxlcliq=7; components=3; nonedges=33; maxindset=6; maxclique=4
          4 graphs : squares=7; triang=6; maxlcliq=7; components=3; nonedges=33; maxindset=7; maxclique=4
          1 graphs : squares=7; triang=6; maxlcliq=7; components=4; nonedges=33; maxindset=5; maxclique=4
          1 graphs : squares=7; triang=6; maxlcliq=7; components=4; nonedges=33; maxindset=6; maxclique=4
          1 graphs : squares=7; triang=6; maxlcliq=8; components=4; nonedges=33; maxindset=5; maxclique=4
          1 graphs : squares=7; triang=6; maxlcliq=8; components=4; nonedges=33; maxindset=6; maxclique=4
          4 graphs : squares=7; triang=6; maxlcliq=9; components=4; nonedges=33; maxindset=6; maxclique=3
          1 graphs : squares=7; triang=7; maxlcliq=7; components=4; nonedges=33; maxindset=5; maxclique=4
          2 graphs : squares=7; triang=7; maxlcliq=7; components=4; nonedges=33; maxindset=6; maxclique=4
          2 graphs : squares=8; triang=0; maxlcliq=12; components=2; nonedges=33; maxindset=5; maxclique=2
          3 graphs : squares=8; triang=0; maxlcliq=12; components=2; nonedges=33; maxindset=6; maxclique=2
         13 graphs : squares=8; triang=0; maxlcliq=13; components=2; nonedges=33; maxindset=6; maxclique=2
          4 graphs : squares=8; triang=0; maxlcliq=13; components=2; nonedges=33; maxindset=7; maxclique=2
          2 graphs : squares=8; triang=0; maxlcliq=14; components=3; nonedges=33; maxindset=6; maxclique=2
          3 graphs : squares=8; triang=1; maxlcliq=12; components=3; nonedges=33; maxindset=6; maxclique=3
          2 graphs : squares=8; triang=2; maxlcliq=10; components=3; nonedges=33; maxindset=5; maxclique=3
          1 graphs : squares=8; triang=2; maxlcliq=10; components=3; nonedges=33; maxindset=6; maxclique=3
         12 graphs : squares=8; triang=2; maxlcliq=11; components=3; nonedges=33; maxindset=6; maxclique=3
          3 graphs : squares=8; triang=2; maxlcliq=11; components=3; nonedges=33; maxindset=7; maxclique=3
          1 graphs : squares=8; triang=3; maxlcliq=9; components=3; nonedges=33; maxindset=5; maxclique=3
          4 graphs : squares=8; triang=3; maxlcliq=10; components=3; nonedges=33; maxindset=6; maxclique=3
          1 graphs : squares=8; triang=3; maxlcliq=10; components=4; nonedges=33; maxindset=6; maxclique=3
          1 graphs : squares=8; triang=4; maxlcliq=8; components=3; nonedges=33; maxindset=5; maxclique=3
          1 graphs : squares=8; triang=4; maxlcliq=8; components=3; nonedges=33; maxindset=6; maxclique=3
          2 graphs : squares=8; triang=4; maxlcliq=9; components=3; nonedges=33; maxindset=5; maxclique=3
          5 graphs : squares=8; triang=4; maxlcliq=9; components=3; nonedges=33; maxindset=6; maxclique=3
          2 graphs : squares=8; triang=4; maxlcliq=9; components=3; nonedges=33; maxindset=7; maxclique=3
          2 graphs : squares=8; triang=4; maxlcliq=9; components=4; nonedges=33; maxindset=6; maxclique=3
         12 graphs : squares=8; triang=4; maxlcliq=10; components=3; nonedges=33; maxindset=6; maxclique=3
          4 graphs : squares=8; triang=4; maxlcliq=10; components=3; nonedges=33; maxindset=7; maxclique=3
          4 graphs : squares=8; triang=4; maxlcliq=10; components=4; nonedges=33; maxindset=6; maxclique=3
          1 graphs : squares=8; triang=5; maxlcliq=8; components=4; nonedges=33; maxindset=6; maxclique=3
          3 graphs : squares=8; triang=5; maxlcliq=9; components=4; nonedges=33; maxindset=6; maxclique=3
          1 graphs : squares=8; triang=5; maxlcliq=9; components=4; nonedges=33; maxindset=6; maxclique=4
          2 graphs : squares=8; triang=5; maxlcliq=10; components=4; nonedges=33; maxindset=6; maxclique=3
          1 graphs : squares=8; triang=6; maxlcliq=5; components=3; nonedges=33; maxindset=5; maxclique=4
          1 graphs : squares=8; triang=6; maxlcliq=6; components=3; nonedges=33; maxindset=5; maxclique=4
          3 graphs : squares=8; triang=6; maxlcliq=6; components=3; nonedges=33; maxindset=6; maxclique=4
          1 graphs : squares=8; triang=6; maxlcliq=7; components=3; nonedges=33; maxindset=5; maxclique=4
          7 graphs : squares=8; triang=6; maxlcliq=7; components=3; nonedges=33; maxindset=6; maxclique=4
          4 graphs : squares=8; triang=6; maxlcliq=7; components=3; nonedges=33; maxindset=7; maxclique=4
          3 graphs : squares=8; triang=6; maxlcliq=8; components=4; nonedges=33; maxindset=6; maxclique=4
          5 graphs : squares=8; triang=6; maxlcliq=9; components=4; nonedges=33; maxindset=6; maxclique=3
          4 graphs : squares=8; triang=7; maxlcliq=7; components=4; nonedges=33; maxindset=6; maxclique=4
          3 graphs : squares=9; triang=0; maxlcliq=12; components=2; nonedges=33; maxindset=5; maxclique=2
          4 graphs : squares=9; triang=0; maxlcliq=12; components=2; nonedges=33; maxindset=6; maxclique=2
          7 graphs : squares=9; triang=0; maxlcliq=13; components=2; nonedges=33; maxindset=6; maxclique=2
          3 graphs : squares=9; triang=0; maxlcliq=13; components=2; nonedges=33; maxindset=7; maxclique=2
          2 graphs : squares=9; triang=0; maxlcliq=14; components=3; nonedges=33; maxindset=6; maxclique=2
          1 graphs : squares=9; triang=0; maxlcliq=14; components=3; nonedges=33; maxindset=7; maxclique=2
          2 graphs : squares=9; triang=1; maxlcliq=11; components=3; nonedges=33; maxindset=5; maxclique=3
          4 graphs : squares=9; triang=1; maxlcliq=12; components=3; nonedges=33; maxindset=6; maxclique=3
          1 graphs : squares=9; triang=3; maxlcliq=8; components=3; nonedges=33; maxindset=5; maxclique=3
          1 graphs : squares=9; triang=3; maxlcliq=9; components=3; nonedges=33; maxindset=5; maxclique=3
          3 graphs : squares=9; triang=3; maxlcliq=9; components=3; nonedges=33; maxindset=6; maxclique=3
          7 graphs : squares=9; triang=3; maxlcliq=10; components=3; nonedges=33; maxindset=6; maxclique=3
          4 graphs : squares=9; triang=3; maxlcliq=10; components=3; nonedges=33; maxindset=7; maxclique=3
          1 graphs : squares=9; triang=3; maxlcliq=11; components=4; nonedges=33; maxindset=6; maxclique=3
          1 graphs : squares=9; triang=4; maxlcliq=9; components=4; nonedges=33; maxindset=6; maxclique=3
          1 graphs : squares=9; triang=4; maxlcliq=10; components=4; nonedges=33; maxindset=6; maxclique=3
          2 graphs : squares=9; triang=5; maxlcliq=9; components=4; nonedges=33; maxindset=6; maxclique=4
          2 graphs : squares=9; triang=5; maxlcliq=10; components=4; nonedges=33; maxindset=6; maxclique=3
          3 graphs : squares=9; triang=6; maxlcliq=8; components=4; nonedges=33; maxindset=6; maxclique=4
          1 graphs : squares=9; triang=6; maxlcliq=9; components=4; nonedges=33; maxindset=6; maxclique=3
          1 graphs : squares=9; triang=6; maxlcliq=9; components=4; nonedges=33; maxindset=7; maxclique=3
          1 graphs : squares=9; triang=7; maxlcliq=5; components=3; nonedges=33; maxindset=4; maxclique=4
          2 graphs : squares=9; triang=7; maxlcliq=5; components=3; nonedges=33; maxindset=5; maxclique=4
          7 graphs : squares=9; triang=7; maxlcliq=6; components=3; nonedges=33; maxindset=5; maxclique=4
          4 graphs : squares=9; triang=7; maxlcliq=6; components=3; nonedges=33; maxindset=6; maxclique=4
          4 graphs : squares=9; triang=7; maxlcliq=7; components=3; nonedges=33; maxindset=5; maxclique=4
         12 graphs : squares=9; triang=7; maxlcliq=7; components=3; nonedges=33; maxindset=6; maxclique=4
          3 graphs : squares=9; triang=7; maxlcliq=7; components=3; nonedges=33; maxindset=7; maxclique=4
          3 graphs : squares=9; triang=7; maxlcliq=7; components=4; nonedges=33; maxindset=6; maxclique=4
          1 graphs : squares=9; triang=7; maxlcliq=7; components=4; nonedges=33; maxindset=7; maxclique=4
          1 graphs : squares=9; triang=7; maxlcliq=8; components=4; nonedges=33; maxindset=5; maxclique=4
          1 graphs : squares=9; triang=8; maxlcliq=5; components=4; nonedges=33; maxindset=5; maxclique=4
          1 graphs : squares=9; triang=8; maxlcliq=6; components=4; nonedges=33; maxindset=5; maxclique=4
          1 graphs : squares=9; triang=8; maxlcliq=6; components=4; nonedges=33; maxindset=6; maxclique=4
          1 graphs : squares=10; triang=0; maxlcliq=12; components=2; nonedges=33; maxindset=6; maxclique=2
          2 graphs : squares=10; triang=0; maxlcliq=12; components=2; nonedges=33; maxindset=7; maxclique=2
          1 graphs : squares=10; triang=0; maxlcliq=13; components=2; nonedges=33; maxindset=6; maxclique=2
          4 graphs : squares=10; triang=0; maxlcliq=13; components=2; nonedges=33; maxindset=7; maxclique=2
          2 graphs : squares=10; triang=0; maxlcliq=13; components=2; nonedges=33; maxindset=8; maxclique=2
          3 graphs : squares=10; triang=0; maxlcliq=14; components=3; nonedges=33; maxindset=6; maxclique=2
          1 graphs : squares=10; triang=0; maxlcliq=14; components=3; nonedges=33; maxindset=7; maxclique=2
          1 graphs : squares=10; triang=1; maxlcliq=12; components=3; nonedges=33; maxindset=7; maxclique=3
          1 graphs : squares=10; triang=2; maxlcliq=10; components=3; nonedges=33; maxindset=6; maxclique=3
          1 graphs : squares=10; triang=2; maxlcliq=11; components=3; nonedges=33; maxindset=6; maxclique=3
          2 graphs : squares=10; triang=2; maxlcliq=11; components=3; nonedges=33; maxindset=7; maxclique=3
          1 graphs : squares=10; triang=4; maxlcliq=9; components=4; nonedges=33; maxindset=6; maxclique=3
          1 graphs : squares=10; triang=4; maxlcliq=10; components=4; nonedges=33; maxindset=6; maxclique=3
          2 graphs : squares=10; triang=4; maxlcliq=11; components=4; nonedges=33; maxindset=6; maxclique=3
          1 graphs : squares=10; triang=5; maxlcliq=7; components=3; nonedges=33; maxindset=7; maxclique=3
          1 graphs : squares=10; triang=5; maxlcliq=8; components=3; nonedges=33; maxindset=7; maxclique=3
          1 graphs : squares=10; triang=5; maxlcliq=8; components=3; nonedges=33; maxindset=8; maxclique=3
          1 graphs : squares=10; triang=5; maxlcliq=9; components=4; nonedges=33; maxindset=6; maxclique=4
          1 graphs : squares=10; triang=5; maxlcliq=10; components=4; nonedges=33; maxindset=6; maxclique=3
          1 graphs : squares=10; triang=5; maxlcliq=10; components=4; nonedges=33; maxindset=7; maxclique=3
          2 graphs : squares=10; triang=6; maxlcliq=8; components=4; nonedges=33; maxindset=6; maxclique=4
          1 graphs : squares=10; triang=6; maxlcliq=9; components=4; nonedges=33; maxindset=5; maxclique=3
          1 graphs : squares=10; triang=6; maxlcliq=9; components=4; nonedges=33; maxindset=7; maxclique=3
          3 graphs : squares=10; triang=6; maxlcliq=10; components=4; nonedges=33; maxindset=6; maxclique=3
          1 graphs : squares=10; triang=7; maxlcliq=7; components=4; nonedges=33; maxindset=5; maxclique=4
          1 graphs : squares=10; triang=7; maxlcliq=7; components=4; nonedges=33; maxindset=6; maxclique=4
          1 graphs : squares=10; triang=7; maxlcliq=7; components=4; nonedges=33; maxindset=7; maxclique=4
          6 graphs : squares=10; triang=7; maxlcliq=8; components=4; nonedges=33; maxindset=6; maxclique=4
          1 graphs : squares=10; triang=8; maxlcliq=5; components=4; nonedges=33; maxindset=5; maxclique=4
          2 graphs : squares=10; triang=8; maxlcliq=6; components=4; nonedges=33; maxindset=6; maxclique=4
          1 graphs : squares=11; triang=0; maxlcliq=14; components=3; nonedges=33; maxindset=6; maxclique=2
          1 graphs : squares=11; triang=4; maxlcliq=11; components=4; nonedges=33; maxindset=6; maxclique=3
          1 graphs : squares=11; triang=6; maxlcliq=7; components=4; nonedges=33; maxindset=5; maxclique=4
          2 graphs : squares=11; triang=6; maxlcliq=8; components=4; nonedges=33; maxindset=6; maxclique=4
          1 graphs : squares=11; triang=8; maxlcliq=6; components=4; nonedges=33; maxindset=5; maxclique=4
          5 graphs : squares=11; triang=8; maxlcliq=7; components=4; nonedges=33; maxindset=6; maxclique=4
          1 graphs : squares=12; triang=0; maxlcliq=13; components=3; nonedges=33; maxindset=6; maxclique=2
          2 graphs : squares=12; triang=0; maxlcliq=14; components=3; nonedges=33; maxindset=6; maxclique=2
          3 graphs : squares=12; triang=0; maxlcliq=14; components=3; nonedges=33; maxindset=7; maxclique=2
          1 graphs : squares=12; triang=2; maxlcliq=12; components=4; nonedges=33; maxindset=6; maxclique=3
          1 graphs : squares=12; triang=3; maxlcliq=11; components=4; nonedges=33; maxindset=6; maxclique=3
          1 graphs : squares=12; triang=3; maxlcliq=11; components=4; nonedges=33; maxindset=7; maxclique=3
          1 graphs : squares=12; triang=4; maxlcliq=10; components=4; nonedges=33; maxindset=7; maxclique=3
          1 graphs : squares=12; triang=4; maxlcliq=11; components=4; nonedges=33; maxindset=7; maxclique=3
          1 graphs : squares=12; triang=6; maxlcliq=9; components=4; nonedges=33; maxindset=6; maxclique=3
          1 graphs : squares=12; triang=6; maxlcliq=10; components=4; nonedges=33; maxindset=6; maxclique=3
          2 graphs : squares=12; triang=6; maxlcliq=10; components=4; nonedges=33; maxindset=7; maxclique=3
          1 graphs : squares=12; triang=7; maxlcliq=7; components=4; nonedges=33; maxindset=5; maxclique=4
          1 graphs : squares=12; triang=7; maxlcliq=7; components=4; nonedges=33; maxindset=7; maxclique=4
          3 graphs : squares=12; triang=7; maxlcliq=8; components=4; nonedges=33; maxindset=6; maxclique=4
          1 graphs : squares=12; triang=8; maxlcliq=6; components=4; nonedges=33; maxindset=6; maxclique=4
          2 graphs : squares=12; triang=8; maxlcliq=7; components=4; nonedges=33; maxindset=6; maxclique=4
          2 graphs : squares=12; triang=8; maxlcliq=7; components=4; nonedges=33; maxindset=7; maxclique=4
          1 graphs : squares=15; triang=0; maxlcliq=14; components=3; nonedges=33; maxindset=8; maxclique=2
          1 graphs : squares=15; triang=8; maxlcliq=12; components=5; nonedges=33; maxindset=6; maxclique=3
          1 graphs : squares=15; triang=10; maxlcliq=4; components=4; nonedges=33; maxindset=4; maxclique=5
          2 graphs : squares=15; triang=10; maxlcliq=5; components=4; nonedges=33; maxindset=5; maxclique=5
          1 graphs : squares=15; triang=10; maxlcliq=6; components=4; nonedges=33; maxindset=5; maxclique=5
          2 graphs : squares=15; triang=10; maxlcliq=6; components=4; nonedges=33; maxindset=6; maxclique=5
          1 graphs : squares=16; triang=9; maxlcliq=8; components=5; nonedges=33; maxindset=6; maxclique=4
          1 graphs : squares=16; triang=10; maxlcliq=7; components=5; nonedges=33; maxindset=6; maxclique=4
          1 graphs : squares=18; triang=0; maxlcliq=15; components=4; nonedges=33; maxindset=7; maxclique=2
          1 graphs : squares=18; triang=10; maxlcliq=7; components=5; nonedges=33; maxindset=7; maxclique=4
          1 graphs : squares=18; triang=11; maxlcliq=6; components=5; nonedges=33; maxindset=6; maxclique=5
 15772 graphs altogether; cpu=0.01 sec
>A ./countg --WTKcceehk
