:O`AGgPHGc@dLAIKRQiaIhXXRJjYz
:O`AGgPHGc@dLAIHRQiaIhXXRJjYz
:O`AGgPHGc@dLAIHGeeaIhXXRJjYz
:O`AGgPHGc@dLAIHGedTCTQqrJjYz
:O`AGgPHGcqe`DEGBQiaIhXXRJjYz
:O`AGgPHGcqe`DCgBQiaIhXXRJjYz
:O`AGgPHGcqe`DCcOEeaIhXXRJjYz
:O`AGgPHGcqe`DCcOEdTCTQqrJjYz
:O`AGgPHGcqe`DEHhTPCAhXXRJjYz
:O`AGgPHGcqe`DChhTPCAhXXRJjYz
:O`AGgPHGcqe`DCcRRPCAhXXRJjYz
:O`AGgPHGcqe`DCcRQiaGDQqrJjYz
:O`AGgPHGcqe`DEHhTPDSk_XRJjYz
:O`AGgPHGcqe`DChhTPDSk_XRJjYz
:O`AGgPHGcqe`DCcRRPDSk_XRJjYz
:O`AGgPHGcqe`DCcRQiaIhX?rJjYz
:O`AGgPHGcqe`DEHhTPDSkkhcBjYz
:O`AGgPHGcqe`DChhTPDSkkhcBjYz
:O`AGgPHGcqe`DCcRRPDSkkhcBjYz
:O`AGgPHGcqe`DCcRQiaIhXXcBjYz
:O`AGgPHCPHdLAIKRQiaIhXXRJjYz
:O`AGgPHCPHdLAIHRQiaIhXXRJjYz
:O`AGgPHCPHdLAIHGeeaIhXXRJjYz
:O`AGgPHCPHdLAIHGedTCTQqrJjYz
:O`AGgPHGcqe`DCcRQiaIhXXRJjYz
:O`AGgPHGcqe`DCSRQiaIhXXRJjYz
:O`AGgPHGcqe`DCPRQiaIhXXRJjYz
:O`AGgPHGcqe`DCPGeeaIhXXRJjYz
:O`AGgPHGcqe`DCPGedTCTQqrJjYz
:O`AGgPHGcqe`DEHhTCaIhXXRJjYz
:O`AGgPHGcqe`DChhTCaIhXXRJjYz
:O`AGgPHGcqe`DCcRRCaIhXXRJjYz
:O`AGgPHGcqe`DCcRQiHCTQqrJjYz
:O`AGgPHGcqe`DEHhTPDSkaXRJjYz
:O`AGgPHGcqe`DChhTPDSkaXRJjYz
:O`AGgPHGcqe`DCcRRPDSkaXRJjYz
:O`AGgPHGcqe`DCcRQiaIhXCrJjYz
:O`AGgPHGcqe`DEHhTPDSkkhcRjYz
:O`AGgPHGcqe`DChhTPDSkkhcRjYz
:O`AGgPHGcqe`DCcRRPDSkkhcRjYz
:O`AGgPHGcqe`DCcRQiaIhXXcRjYz
:O`AGgPCQPHdLAIKRQiaIhXXRJjYz
:O`AGgPCQPHdLAIHRQiaIhXXRJjYz
:O`AGgPCQPHdLAIHGeeaIhXXRJjYz
:O`AGgPCQPHdLAIHGedTCTQqrJjYz
:O`AGgPHGcqe`CQKRQiaIhXXRJjYz
:O`AGgPHGcqe`CQHRQiaIhXXRJjYz
:O`AGgPHGcqe`CQHGeeaIhXXRJjYz
:O`AGgPHGcqe`CQHGedTCTQqrJjYz
:O`AGgPHGcqe`DEHhTGaIhXXRJjYz
:O`AGgPHGcqe`DChhTGaIhXXRJjYz
:O`AGgPHGcqe`DCcRRGaIhXXRJjYz
:O`AGgPHGcqe`DCcRQiPCTQqrJjYz
:O`AGgPHGcqe`DEHhTPCahXXRJjYz
:O`AGgPHGcqe`DChhTPCahXXRJjYz
:O`AGgPHGcqe`DCcRRPCahXXRJjYz
:O`AGgPHGcqe`DCcRQiaHDQqrJjYz
:O`AGgPHGcqe`DEHhTPDSkkhcbjYz
:O`AGgPHGcqe`DChhTPDSkkhcbjYz
:O`AGgPHGcqe`DCcRRPDSkkhcbjYz
:O`AGgPHGcqe`DCcRQiaIhXXcbjYz
:O`AGgBaQPHdLAIKRQiaIhXXRJjYz
:O`AGgBaQPHdLAIHRQiaIhXXRJjYz
:O`AGgBaQPHdLAIHGeeaIhXXRJjYz
:O`AGgBaQPHdLAIHGedTCTQqrJjYz
:O`AGgPHGcqe_MIKRQiaIhXXRJjYz
:O`AGgPHGcqe_MIHRQiaIhXXRJjYz
:O`AGgPHGcqe_MIHGeeaIhXXRJjYz
:O`AGgPHGcqe_MIHGedTCTQqrJjYz
:O`AGgPHGcqe`DEHhTKaIhXXRJjYz
:O`AGgPHGcqe`DChhTKaIhXXRJjYz
:O`AGgPHGcqe`DCcRRKaIhXXRJjYz
:O`AGgPHGcqe`DCcRQiXCTQqrJjYz
:O`AGgPHGcqe`DEHhTPCqhXXRJjYz
:O`AGgPHGcqe`DChhTPCqhXXRJjYz
:O`AGgPHGcqe`DCcRRPCqhXXRJjYz
:O`AGgPHGcqe`DCcRQiaHdQqrJjYz
:O`AGgPHGcqe`DEHhTPDSkeXRJjYz
:O`AGgPHGcqe`DChhTPDSkeXRJjYz
:O`AGgPHGcqe`DCcRRPDSkeXRJjYz
:O`AGgPHGcqe`DCcRQiaIhXKrJjYz
:O`AGgPHGcqe`CaKRQiaIhXXRJjYz
:O`AGgPHGcqe`CaHRQiaIhXXRJjYz
:O`AGgPHGcqe`CaHGeeaIhXXRJjYz
:O`AGgPHGcqe`CaHGedTCTQqrJjYz
:O`AGgPHGcqe`DDCRQiaIhXXRJjYz
:O`AGgPHGcqe`DCcRQiaIhXXRJjYz
:O`AGgPHGcqe`DCaRQiaIhXXRJjYz
:O`AGgPHGcqe`DCaGeeaIhXXRJjYz
:O`AGgPHGcqe`DCaGedTCTQqrJjYz
:O`AGgPHGcqe`DEHcQiaIhXXRJjYz
:O`AGgPHGcqe`DChcQiaIhXXRJjYz
:O`AGgPHGcqe`DCcRGeaIhXXRJjYz
:O`AGgPHGcqe`DCcRGdTCTQqrJjYz
:O`AGgPHGcqe`DEHhTPDSkkhdBjYz
:O`AGgPHGcqe`DChhTPDSkkhdBjYz
:O`AGgPHGcqe`DCcRRPDSkkhdBjYz
:O`AGgPHGcqe`DCcRQiaIhXXdBjYz
:O`AGgPHGcqe_UIKRQiaIhXXRJjYz
:O`AGgPHGcqe_UIHRQiaIhXXRJjYz
:O`AGgPHGcqe_UIHGeeaIhXXRJjYz
:O`AGgPHGcqe_UIHGedTCTQqrJjYz
:O`AGgPHGcqe`DDSRQiaIhXXRJjYz
:O`AGgPHGcqe`DCcRQiaIhXXRJjYz
:O`AGgPHGcqe`DCarQiaIhXXRJjYz
:O`AGgPHGcqe`DCageeaIhXXRJjYz
:O`AGgPHGcqe`DCagedTCTQqrJjYz
:O`AGgPHGcqe`DEHdQiaIhXXRJjYz
:O`AGgPHGcqe`DChdQiaIhXXRJjYz
:O`AGgPHGcqe`DCcRIeaIhXXRJjYz
:O`AGgPHGcqe`DCcRIdTCTQqrJjYz
:O`AGgPHGcqe`DEHhTPDSkiXRJjYz
:O`AGgPHGcqe`DChhTPDSkiXRJjYz
:O`AGgPHGcqe`DCcRRPDSkiXRJjYz
:O`AGgPHGcqe`DCcRQiaIhXSrJjYz
:O`AGgPHGcqe_YIKRQiaIhXXRJjYz
:O`AGgPHGcqe_YIHRQiaIhXXRJjYz
:O`AGgPHGcqe_YIHGeeaIhXXRJjYz
:O`AGgPHGcqe_YIHGedTCTQqrJjYz
:O`AGgPHGcqe`CqKRQiaIhXXRJjYz
:O`AGgPHGcqe`CqHRQiaIhXXRJjYz
:O`AGgPHGcqe`CqHGeeaIhXXRJjYz
:O`AGgPHGcqe`CqHGedTCTQqrJjYz
:O`AGgPHGcqe`DEHeQiaIhXXRJjYz
:O`AGgPHGcqe`DCheQiaIhXXRJjYz
:O`AGgPHGcqe`DCcRKeaIhXXRJjYz
:O`AGgPHGcqe`DCcRKdTCTQqrJjYz
:O`AGgPHGcqe`DEHhTPDRHXXRJjYz
:O`AGgPHGcqe`DChhTPDRHXXRJjYz
:O`AGgPHGcqe`DCcRRPDRHXXRJjYz
:O`AGgPHGcqe`DCcRQiaIeQqrJjYz
:O`AGgPHGcqe_]IKRQiaIhXXRJjYz
:O`AGgPHGcqe_]IHRQiaIhXXRJjYz
:O`AGgPHGcqe_]IHGeeaIhXXRJjYz
:O`AGgPHGcqe_]IHGedTCTQqrJjYz
:O`AGgPHGcqe`CyKRQiaIhXXRJjYz
:O`AGgPHGcqe`CyHRQiaIhXXRJjYz
:O`AGgPHGcqe`CyHGeeaIhXXRJjYz
:O`AGgPHGcqe`CyHGedTCTQqrJjYz
:O`AGgPHGcqe`DDsRQiaIhXXRJjYz
:O`AGgPHGcqe`DCcRQiaIhXXRJjYz
:O`AGgPHGcqe`DCbrQiaIhXXRJjYz
:O`AGgPHGcqe`DCbgeeaIhXXRJjYz
:O`AGgPHGcqe`DCbgedTCTQqrJjYz
:O`AGgPHGcqe`DEHhTOyIhXXRJjYz
:O`AGgPHGcqe`DChhTOyIhXXRJjYz
:O`AGgPHGcqe`DCcRROyIhXXRJjYz
:O`AGgPHGcqe`DCcRQi`sTQqrJjYz
:O`AGgPHGcqe`DEHhTPDSkkhdsJYz
:O`AGgPHGcqe`DChhTPDSkkhdsJYz
:O`AGgPHGcqe`DCcRRPDSkkhdsJYz
:O`AGgPHGcqe`DCcRQiaIhXXdsJYz
:O`AGgPHGcqe`DEHhTPDSkkdRJjYz
:O`AGgPHGcqe`DChhTPDSkkdRJjYz
:O`AGgPHGcqe`DCcRRPDSkkdRJjYz
:O`AGgPHGcqe`DCcRQiaIhXXJJjYz
:O`AGgPHGcqe`DEHhTPDSiXXRJjYz
:O`AGgPHGcqe`DChhTPDSiXXRJjYz
:O`AGgPHGcqe`DCcRRPDSiXXRJjYz
:O`AGgPHGcqe`DCcRQiaIhXXRJjYz
:O`AGgPHGcqe`DCcRQiaIhSqrJjYz
:O`AGgPHGcqe`DEHhTPAyhXXRJjYz
:O`AGgPHGcqe`DChhTPAyhXXRJjYz
:O`AGgPHGcqe`DCcRRPAyhXXRJjYz
:O`AGgPHGcqe`DCcRQiaDtQqrJjYz
